0.00 INSERT disk 1
0.00 trace start
12.71 NEW PFE=10 PC=E2A7 disk=1
13.33 NEW PFE=01 PC=E2A7 disk=1
13.33 NEW PFD=10 PC=E2A7 disk=1
13.33 NEW PFD=02 PC=E2A7 disk=1
13.37 NEW PFC=03 PC=E2A7 disk=1
15.12 NEW PFD=05 PC=E2A7 disk=1
15.56 NEW PFD=06 PC=E2A7 disk=1
15.56 NEW PFE=07 PC=E2A7 disk=1
16.74 NEW PFE=0E PC=E2A7 disk=1
16.74 NEW PFE=0F PC=E2A7 disk=1
16.74 NEW PFD=04 PC=E2A7 disk=1
17.74 NEW PFE=04 PC=E2A7 disk=1
18.49 NEW PFE=08 PC=E2A7 disk=1
1129.74 NEW PFD=01 PC=E2A7 disk=1
1129.74 NEW PFE=12 PC=E2A7 disk=1
1129.75 NEW PFE=11 PC=E2A7 disk=1
1131.44 NEW PFC=12 PC=E2A7 disk=1
1142.42 NEW PFE=13 PC=E2A7 disk=1
1148.95 NEW PFE=14 PC=E2A7 disk=1
1155.30 NEW PFE=15 PC=E2A7 disk=1
1161.83 NEW PFE=16 PC=E2A7 disk=1
1167.95 NEW PFE=17 PC=E2A7 disk=1
1174.26 NEW PFE=18 PC=E2A7 disk=1
1180.61 NEW PFE=19 PC=E2A7 disk=1
1187.14 NEW PFE=1A PC=E2A7 disk=1
1193.48 NEW PFE=1B PC=E2A7 disk=1
1199.83 NEW PFE=1C PC=E2A7 disk=1
1206.36 NEW PFE=1D PC=E2A7 disk=1
1212.70 NEW PFE=1E PC=E2A7 disk=1
1234.36 INSERT disk U
1238.12 NEW PFE=05 PC=E2A7 disk=U
1238.12 INSERT disk 6
1241.64 NEW PFE=0D PC=E2A7 disk=6
1244.91 NEW PFE=09 PC=E2A7 disk=6
1250.54 NEW PFE=0A PC=E2A7 disk=6
1254.90 NEW PFE=0B PC=E2A7 disk=6
1259.01 NEW PFC=05 PC=E2A7 disk=6
1259.49 NEW PFD=0D PC=E2A7 disk=6
1271.56 INSERT disk U
1275.64 INSERT disk 7
1300.72 INSERT disk U
1304.60 INSERT disk 7
1325.41 NEW PFE=0C PC=E2A7 disk=7
1336.09 INSERT disk U
1340.81 INSERT disk 8
1365.28 INSERT disk U
1369.30 INSERT disk 4
1396.59 INSERT disk U
1400.98 INSERT disk 5
1423.39 INSERT disk U
1428.07 INSERT disk 4
1453.73 INSERT disk U
1458.57 INSERT disk 6
1486.05 INSERT disk 1
1486.05 RESET for MIDI opening
147.21 NEW PFD=07 PC=E2A7 disk=1
151.41 NEW PFD=08 PC=E2A7 disk=1
155.61 NEW PFD=09 PC=E2A7 disk=1
160.01 NEW PFD=0A PC=E2A7 disk=1
163.60 NEW PFD=0B PC=E2A7 disk=1
167.83 NEW PFD=0C PC=E2A7 disk=1
175.86 NEW PFD=0E PC=E2A7 disk=1
180.10 NEW PFD=0F PC=E2A7 disk=1
571.88 INSERT disk 2
