0.00 INSERT disk 1
0.00 trace start
12.71 NEW PFE=10 PC=E2A7 disk=1
13.33 NEW PFE=01 PC=E2A7 disk=1
13.33 NEW PFD=10 PC=E2A7 disk=1
13.33 NEW PFD=02 PC=E2A7 disk=1
13.37 NEW PFC=03 PC=E2A7 disk=1
15.12 NEW PFD=05 PC=E2A7 disk=1
15.56 NEW PFD=06 PC=E2A7 disk=1
15.56 NEW PFE=07 PC=E2A7 disk=1
16.74 NEW PFE=0E PC=E2A7 disk=1
16.74 NEW PFE=0F PC=E2A7 disk=1
16.74 NEW PFD=04 PC=E2A7 disk=1
17.74 NEW PFE=04 PC=E2A7 disk=1
18.49 NEW PFE=08 PC=E2A7 disk=1
34.74 NEW PFE=12 PC=E2A7 disk=1
34.75 NEW PFC=12 PC=E2A7 disk=1
38.74 INSERT disk U
42.51 NEW PFE=05 PC=E2A7 disk=U
42.51 INSERT disk 6
46.03 NEW PFE=0D PC=E2A7 disk=6
49.31 NEW PFE=09 PC=E2A7 disk=6
56.76 NEW PFE=0A PC=E2A7 disk=6
61.12 NEW PFE=0B PC=E2A7 disk=6
65.22 NEW PFC=05 PC=E2A7 disk=6
65.70 NEW PFD=0D PC=E2A7 disk=6
70.62 NEW PFD=0F PC=E2A7 disk=6
149.91 INSERT disk U
154.15 INSERT disk 7
214.83 INSERT disk U
218.96 INSERT disk 6
249.46 INSERT disk U
253.29 INSERT disk 7
293.86 INSERT disk U
298.04 INSERT disk 7
319.64 NEW PFE=0C PC=E2A7 disk=7
332.58 INSERT disk U
336.88 INSERT disk 8
364.48 INSERT disk U
368.64 INSERT disk 4
399.27 INSERT disk U
403.62 INSERT disk 5
429.46 INSERT disk U
434.46 INSERT disk 4
464.13 INSERT disk U
469.88 INSERT disk 6
504.47 INSERT disk U
508.94 INSERT disk 4
