0.00 INSERT disk 1
0.00 trace start
12.71 NEW PFE=10 PC=E2A7 disk=1
13.33 NEW PFE=01 PC=E2A7 disk=1
13.33 NEW PFD=10 PC=E2A7 disk=1
13.33 NEW PFD=02 PC=E2A7 disk=1
13.37 NEW PFC=03 PC=E2A7 disk=1
15.12 NEW PFD=05 PC=E2A7 disk=1
15.56 NEW PFD=06 PC=E2A7 disk=1
15.56 NEW PFE=07 PC=E2A7 disk=1
16.74 NEW PFE=0E PC=E2A7 disk=1
16.74 NEW PFE=0F PC=E2A7 disk=1
16.74 NEW PFD=04 PC=E2A7 disk=1
17.74 NEW PFE=04 PC=E2A7 disk=1
18.49 NEW PFE=08 PC=E2A7 disk=1
48.82 NEW PFE=12 PC=E2A7 disk=1
48.82 NEW PFC=12 PC=E2A7 disk=1
50.43 INSERT disk 2
54.21 NEW PFE=05 PC=E2A7 disk=2
54.95 NEW PFE=0D PC=E2A7 disk=2
57.33 NEW PFE=09 PC=E2A7 disk=2
63.63 NEW PFE=0A PC=E2A7 disk=2
69.06 NEW PFE=0B PC=E2A7 disk=2
71.49 NEW PFC=05 PC=E2A7 disk=2
72.88 NEW PFD=0D PC=E2A7 disk=2
711.67 NEW PFD=0F PC=E2A7 disk=2
